Icon Version 9.3.  November 25, 1996
hawk.CS.Arizona.EDU
UNIX
ASCII
co-expressions
dynamic loading
environment variables
external functions
keyboard functions
large integers
pipes
system function
graphics
X Windows
