list_1(0)
list_1(1000)
list_1(11000)

collections:
5
1
1
1

regions:
0
2000000
2000000

storage:
0
0
250464

allocated:
250498
0
34
250464
