"main"
"T"
"L"
"s"
"a"
&null
"&error"
"T[\"abc\"]"
"T[\"abc\"]"
"L[1]"
"L[2]"
"L[3]"
"L[200]"
"L[191]"
"L[1]"
"L[2]"
"L[3]"
"L[200]"
"L[191]"
"complex.r"
