#line 1 "special.c"
1, "special.c",
"Apr 27 1992", "08:52:28"

#line 1 "special.h"
__STDC__, 1,
2, "special.h",

#line 3 "special.c"

4, "special.c",


__STDC__, __RCRS__,


"stdc", 1000,
11, "special.c",
