   8 drwxr-xr-x   2      4096 tmp
Couldn't stat: No such file or directory
