   8 drwxr-xr-x   2     4096 .
   8 drwxr-xr-x   5     4096 ..
   0 -rw-r--r--   1        0 a
   0 -rw-r--r--   1        0 b
   0 -rw-r--r--   1        0 c
   0 lrwxrwxrwx   1        1 d -> a
